// Jest Snapshot v1, https://goo.gl/fbAQLP

exports[`Pruebas en el componente GifGrid Debe de hacer match con el snapshot 1`] = `
<Fragment>
  <h3
    className="animate__fadeInDown"
  >
    Categoria: 
    Hunter X
     
  </h3>
  <p
    className="animate__flash"
  >
    Loading...
  </p>
  <div
    className="cardGrid"
  />
</Fragment>
`;
