// Jest Snapshot v1, https://goo.gl/fbAQLP

exports[`Pruebas al componente GifGridItem Debe retornar el componente 1`] = `
<div
  className="card animate__animated animate__bounce animate"
>
  <p>
    Un titulo
  </p>
  <img
    alt="Un titulo"
    src="https://localhost/algo.jpg"
  />
</div>
`;
